day1-https://us06web.zoom.us/j/87307691431?pwd=aTRFSEFGS1ZKNm1OQi84bFVtZUJOQT09#success
email-digitech1993@gmail.com
***************
$ git init
Initialized empty Git repository in D:/javalocal/.git/

Admin@DESKTOP-B8FF4R1 MINGW64 /d/javalocal (master)
$ git add .

Admin@DESKTOP-B8FF4R1 MINGW64 /d/javalocal (master)
$ git commit -m "my first commit"
[master (root-commit) f49f593] my first commit
 1 file changed, 6 insertions(+)
 create mode 100644 HelloWorld.java


******************
token id --->  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


********************git**********

Acer@DESKTOP-KLSVBRG MINGW64 /d/javalocal
$ git init
Initialized empty Git repository in D:/javalocal/.git/

Acer@DESKTOP-KLSVBRG MINGW64 /d/javalocal (master)
$ git add
Nothing specified, nothing added.
hint: Maybe you wanted to say 'git add .'?
hint: Turn this message off by running
hint: "git config advice.addEmptyPathspec false"

Acer@DESKTOP-KLSVBRG MINGW64 /d/javalocal (master)
$ git add D:/javalocal/.git/

Acer@DESKTOP-KLSVBRG MINGW64 /d/javalocal (master)
$ git commit -m "my first commit"
On branch master

Initial commit

Untracked files:
  (use "git add <file>..." to include in what will be committed)
        HelloWorld.java

nothing added to commit but untracked files present (use "git add" to track)

Acer@DESKTOP-KLSVBRG MINGW64 /d/javalocal (master)
$ ^C

Acer@DESKTOP-KLSVBRG MINGW64 /d/javalocal (master)
$ git commit -m "my first commit"
On branch master

Initial commit

Untracked files:
  (use "git add <file>..." to include in what will be committed)
        HelloWorld.java

nothing added to commit but untracked files present (use "git add" to track)

Acer@DESKTOP-KLSVBRG MINGW64 /d/javalocal (master)
$ git commit -m "HelloWorld"
On branch master

Initial commit

Untracked files:
  (use "git add <file>..." to include in what will be committed)
        HelloWorld.java

nothing added to commit but untracked files present (use "git add" to track)

Acer@DESKTOP-KLSVBRG MINGW64 /d/javalocal (master)
$ git pull
There is no tracking information for the current branch.
Please specify which branch you want to merge with.
See git-pull(1) for details.

    git pull <remote> <branch>

If you wish to set tracking information for this branch you can do so with:

    git branch --set-upstream-to=<remote>/<branch> master


Acer@DESKTOP-KLSVBRG MINGW64 /d/javalocal (master)
$ git pull https://github.com/Piyush12439/java-loacl.git
fatal: Couldn't find remote ref HEAD

Acer@DESKTOP-KLSVBRG MINGW64 /d/javalocal (master)
$ git push origin master
error: src refspec master does not match any
error: failed to push some refs to 'origin'

Acer@DESKTOP-KLSVBRG MINGW64 /d/javalocal (master)
$ git push origin
fatal: The current branch master has no upstream branch.
To push the current branch and set the remote as upstream, use

    git push --set-upstream origin master


Acer@DESKTOP-KLSVBRG MINGW64 /d/javalocal (master)
$ git push origin main
error: src refspec main does not match any
error: failed to push some refs to 'origin'

Acer@DESKTOP-KLSVBRG MINGW64 /d/javalocal (master)
$ git pull origin master
fatal: 'origin' does not appear to be a git repository
fatal: Could not read from remote repository.

Please make sure you have the correct access rights
and the repository exists.

Acer@DESKTOP-KLSVBRG MINGW64 /d/javalocal (master)
$ git remote add origin https://github.com/Piyush12439/java-loacl.git

Acer@DESKTOP-KLSVBRG MINGW64 /d/javalocal (master)
$ git push origin master
error: src refspec master does not match any
error: failed to push some refs to 'https://github.com/Piyush12439/java-loacl.gt'

Acer@DESKTOP-KLSVBRG MINGW64 /d/javalocal (master)
$ git remote add origin https://github.com/Piyush12439/javalocal.git
error: remote origin already exists.

Acer@DESKTOP-KLSVBRG MINGW64 /d/javalocal (master)
$ git remote add origin https://github.com/Piyush12439/java-loacl.git
error: remote origin already exists.

Acer@DESKTOP-KLSVBRG MINGW64 /d/javalocal (master)
$ git push origin master
Enumerating objects: 3, done.
Counting objects: 100% (3/3), done.
Delta compression using up to 4 threads
Compressing objects: 100% (2/2), done.
Writing objects: 100% (3/3), 356 bytes | 178.00 KiB/s, done.
Total 3 (delta 0), reused 0 (delta 0), pack-reused 0
To https://github.com/Piyush12439/java-loacl.git
 * [new branch]      master -> master

Acer@DESKTOP-KLSVBRG MINGW64 /d/javalocal (master)
$ git pull origin master
From https://github.com/Piyush12439/java-loacl
 * branch            master     -> FETCH_HEAD
Already up to date.

